Error parsing '/root/crs_ws_fanuc/src/collaborative-robotic-sanding/fanuc_r2000ic_support/package.xml':
Traceback (most recent call last):
  File "/usr/lib/python3/dist-packages/catkin_pkg/package.py", line 596, in parse_package_string
    root = dom.parseString(data)
  File "/usr/lib/python3.6/xml/dom/minidom.py", line 1968, in parseString
    return expatbuilder.parseString(string)
  File "/usr/lib/python3.6/xml/dom/expatbuilder.py", line 925, in parseString
    return builder.parseString(string)
  File "/usr/lib/python3.6/xml/dom/expatbuilder.py", line 223, in parseString
    parser.Parse(string, True)
xml.parsers.expat.ExpatError: XML or text declaration not at start of entity: line 49, column 0

During handling of the above exception, another exception occurred:

Traceback (most recent call last):
  File "/opt/ros/eloquent/share/ament_cmake_core/cmake/core/package_xml_2_cmake.py", line 143, in <module>
    main()
  File "/opt/ros/eloquent/share/ament_cmake_core/cmake/core/package_xml_2_cmake.py", line 52, in main
    raise e
  File "/opt/ros/eloquent/share/ament_cmake_core/cmake/core/package_xml_2_cmake.py", line 49, in main
    args.package_xml.read(), filename=args.package_xml.name)
  File "/usr/lib/python3/dist-packages/catkin_pkg/package.py", line 598, in parse_package_string
    raise InvalidPackage('The manifest contains invalid XML:\n%s' % ex, filename)
catkin_pkg.package.InvalidPackage: Error(s) in package '/root/crs_ws_fanuc/src/collaborative-robotic-sanding/fanuc_r2000ic_support/package.xml':
The manifest contains invalid XML:
XML or text declaration not at start of entity: line 49, column 0
CMake Error at /opt/ros/eloquent/share/ament_cmake_core/cmake/core/ament_package_xml.cmake:94 (message):
  execute_process(/usr/bin/python3
  /opt/ros/eloquent/share/ament_cmake_core/cmake/core/package_xml_2_cmake.py
  /root/crs_ws_fanuc/src/collaborative-robotic-sanding/fanuc_r2000ic_support/package.xml
  /root/crs_ws_fanuc/build/fanuc_r2000ic_support/ament_cmake_core/package.cmake)
  returned error code 1
Call Stack (most recent call first):
  /opt/ros/eloquent/share/ament_cmake_core/cmake/core/ament_package_xml.cmake:49 (_ament_package_xml)
  /opt/ros/eloquent/share/ament_lint_auto/cmake/ament_lint_auto_find_test_dependencies.cmake:31 (ament_package_xml)
  CMakeLists.txt:49 (ament_lint_auto_find_test_dependencies)


