[0.049s] Invoking command in '/root/crs_ws_fanuc/build/fanuc_r2000ic_support': /usr/bin/cmake /root/crs_ws_fanuc/src/collaborative-robotic-sanding/fanuc_r2000ic_support -DCMAKE_INSTALL_PREFIX=/root/crs_ws_fanuc/install/fanuc_r2000ic_support
[0.093s] -- Found ament_cmake: 0.8.3 (/opt/ros/eloquent/share/ament_cmake/cmake)
[0.104s] -- Using PYTHON_EXECUTABLE: /usr/bin/python3
[0.331s] -- Found ament_lint_auto: 0.8.2 (/opt/ros/eloquent/share/ament_lint_auto/cmake)
[0.397s] Error parsing '/root/crs_ws_fanuc/src/collaborative-robotic-sanding/fanuc_r2000ic_support/package.xml':
[0.430s] Traceback (most recent call last):
[0.430s]   File "/usr/lib/python3/dist-packages/catkin_pkg/package.py", line 596, in parse_package_string
[0.431s]     root = dom.parseString(data)
[0.431s]   File "/usr/lib/python3.6/xml/dom/minidom.py", line 1968, in parseString
[0.431s]     return expatbuilder.parseString(string)
[0.431s]   File "/usr/lib/python3.6/xml/dom/expatbuilder.py", line 925, in parseString
[0.431s]     return builder.parseString(string)
[0.431s]   File "/usr/lib/python3.6/xml/dom/expatbuilder.py", line 223, in parseString
[0.431s]     parser.Parse(string, True)
[0.431s] xml.parsers.expat.ExpatError: XML or text declaration not at start of entity: line 49, column 0
[0.432s] 
[0.432s] During handling of the above exception, another exception occurred:
[0.432s] 
[0.432s] Traceback (most recent call last):
[0.432s]   File "/opt/ros/eloquent/share/ament_cmake_core/cmake/core/package_xml_2_cmake.py", line 143, in <module>
[0.432s]     main()
[0.433s]   File "/opt/ros/eloquent/share/ament_cmake_core/cmake/core/package_xml_2_cmake.py", line 52, in main
[0.433s]     raise e
[0.433s]   File "/opt/ros/eloquent/share/ament_cmake_core/cmake/core/package_xml_2_cmake.py", line 49, in main
[0.433s]     args.package_xml.read(), filename=args.package_xml.name)
[0.433s]   File "/usr/lib/python3/dist-packages/catkin_pkg/package.py", line 598, in parse_package_string
[0.433s]     raise InvalidPackage('The manifest contains invalid XML:\n%s' % ex, filename)
[0.434s] catkin_pkg.package.InvalidPackage: Error(s) in package '/root/crs_ws_fanuc/src/collaborative-robotic-sanding/fanuc_r2000ic_support/package.xml':
[0.434s] The manifest contains invalid XML:
[0.434s] XML or text declaration not at start of entity: line 49, column 0
[0.438s] CMake Error at /opt/ros/eloquent/share/ament_cmake_core/cmake/core/ament_package_xml.cmake:94 (message):
[0.439s]   execute_process(/usr/bin/python3
[0.439s]   /opt/ros/eloquent/share/ament_cmake_core/cmake/core/package_xml_2_cmake.py
[0.439s]   /root/crs_ws_fanuc/src/collaborative-robotic-sanding/fanuc_r2000ic_support/package.xml
[0.440s]   /root/crs_ws_fanuc/build/fanuc_r2000ic_support/ament_cmake_core/package.cmake)
[0.440s]   returned error code 1
[0.441s] Call Stack (most recent call first):
[0.441s]   /opt/ros/eloquent/share/ament_cmake_core/cmake/core/ament_package_xml.cmake:49 (_ament_package_xml)
[0.442s]   /opt/ros/eloquent/share/ament_lint_auto/cmake/ament_lint_auto_find_test_dependencies.cmake:31 (ament_package_xml)
[0.442s]   CMakeLists.txt:49 (ament_lint_auto_find_test_dependencies)
[0.442s] 
[0.442s] 
[0.443s] -- Configuring incomplete, errors occurred!
[0.443s] See also "/root/crs_ws_fanuc/build/fanuc_r2000ic_support/CMakeFiles/CMakeOutput.log".
[0.443s] See also "/root/crs_ws_fanuc/build/fanuc_r2000ic_support/CMakeFiles/CMakeError.log".
[0.474s] Invoked command in '/root/crs_ws_fanuc/build/fanuc_r2000ic_support' returned '1': /usr/bin/cmake /root/crs_ws_fanuc/src/collaborative-robotic-sanding/fanuc_r2000ic_support -DCMAKE_INSTALL_PREFIX=/root/crs_ws_fanuc/install/fanuc_r2000ic_support
